\BOOKMARK [0][-]{chapter.4}{\376\377\000M\000a\000t\000\351\000r\000i\000e\000l\000s\000,\000\040\000m\000\351\000t\000h\000o\000d\000e\000s\000,\000\040\000e\000x\000p\000\351\000r\000i\000m\000e\000n\000t\000a\000t\000i\000o\000n\000s\000\040\000e\000t\000\040\000d\000i\000s\000c\000u\000s\000s\000i\000o\000n}{}% 1
\BOOKMARK [1][-]{section.4.1}{\376\377\000I\000n\000t\000r\000o\000d\000u\000c\000t\000i\000o\000n}{chapter.4}% 2
\BOOKMARK [1][-]{section.4.2}{\376\377\000E\000n\000v\000i\000r\000o\000n\000n\000e\000m\000e\000n\000t\000\040\000e\000t\000\040\000d\000o\000n\000n\000\351\000e\000s}{chapter.4}% 3
\BOOKMARK [2][-]{subsection.4.2.1}{\376\377\000P\000i\000l\000e\000\040\000l\000o\000g\000i\000c\000i\000e\000l\000l\000e\000\040\000e\000t\000\040\000m\000a\000t\000\351\000r\000i\000e\000l}{section.4.2}% 4
\BOOKMARK [2][-]{subsection.4.2.2}{\376\377\000D\000o\000n\000n\000\351\000e\000s\000\040\000e\000t\000\040\000p\000r\000\351\000t\000r\000a\000i\000t\000e\000m\000e\000n\000t\000s}{section.4.2}% 5
\BOOKMARK [1][-]{section.4.3}{\376\377\000T\000o\000p\000o\000l\000o\000g\000i\000e\000\040\000e\000f\000f\000e\000c\000t\000i\000v\000e\000\040\000d\000'\000O\000r\000a\000c\000l\000e}{chapter.4}% 6
\BOOKMARK [2][-]{subsection.4.3.1}{\376\377\000P\000r\000e\000m\000i\000e\000r\000\040\000\351\000t\000a\000g\000e\000\040\000:\000\040\000e\000n\000c\000o\000d\000e\000u\000r\000,\000\040\000R\000C\000N\000,\000\040\000d\000\351\000c\000o\000d\000e\000u\000r}{section.4.3}% 7
\BOOKMARK [2][-]{subsection.4.3.2}{\376\377\000S\000e\000c\000o\000n\000d\000\040\000\351\000t\000a\000g\000e\000\040\000:\000\040\000U\000N\000e\000t\000\040\000E\000D\000M}{section.4.3}% 8
\BOOKMARK [1][-]{section.4.4}{\376\377\000T\000r\000a\000j\000e\000c\000t\000o\000i\000r\000e\000\040\000e\000t\000\040\000p\000r\000o\000c\000\351\000d\000u\000r\000e\000\040\000d\000'\000e\000n\000t\000r\000a\000\356\000n\000e\000m\000e\000n\000t}{chapter.4}% 9
\BOOKMARK [2][-]{subsection.4.4.1}{\376\377\000T\000r\000a\000j\000e\000c\000t\000o\000i\000r\000e\000\040\000P\0000\000P\0004}{section.4.4}% 10
\BOOKMARK [2][-]{subsection.4.4.2}{\376\377\000P\000r\000o\000c\000\351\000d\000u\000r\000e\000\040\000t\000w\000o\000-\000s\000t\000a\000g\000e\000\040\000e\000t\000\040\000s\000a\000m\000p\000l\000e\000r\000\040\000\340\000\040\000l\000'\000i\000n\000f\000\351\000r\000e\000n\000c\000e}{section.4.4}% 11
\BOOKMARK [1][-]{section.4.5}{\376\377\000P\000r\000o\000t\000o\000c\000o\000l\000e\000\040\000d\000'\000\351\000v\000a\000l\000u\000a\000t\000i\000o\000n}{chapter.4}% 12
\BOOKMARK [1][-]{section.4.6}{\376\377\000R\000\351\000s\000u\000l\000t\000a\000t\000s\000\040\000o\000b\000s\000e\000r\000v\000\351\000s}{chapter.4}% 13
\BOOKMARK [2][-]{subsection.4.6.1}{\376\377\000P\000e\000r\000f\000o\000r\000m\000a\000n\000c\000e\000\040\000e\000n\000\040\000d\000i\000s\000t\000r\000i\000b\000u\000t\000i\000o\000n}{section.4.6}% 14
\BOOKMARK [2][-]{subsection.4.6.2}{\376\377\000C\000a\000l\000i\000b\000r\000a\000t\000i\000o\000n\000\040\000p\000r\000o\000b\000a\000b\000i\000l\000i\000s\000t\000e}{section.4.6}% 15
\BOOKMARK [2][-]{subsection.4.6.3}{\376\377\000I\000n\000d\000i\000c\000e\000s\000\040\000c\000l\000i\000m\000a\000t\000i\000q\000u\000e\000s\000\040\000e\000t\000\040\000e\000x\000t\000r\000\352\000m\000e\000s}{section.4.6}% 16
\BOOKMARK [2][-]{subsection.4.6.4}{\376\377\000R\000o\000b\000u\000s\000t\000e\000s\000s\000e\000\040\000i\000n\000t\000e\000r\000-\000G\000C\000M\000\040\000e\000n\000\040\000r\000\351\000g\000i\000m\000e\000\040\000h\000i\000s\000t\000o\000r\000i\000q\000u\000e}{section.4.6}% 17
\BOOKMARK [2][-]{subsection.4.6.5}{\376\377\000D\000i\000a\000g\000n\000o\000s\000t\000i\000c\000s\000\040\000c\000a\000u\000s\000a\000u\000x}{section.4.6}% 18
\BOOKMARK [1][-]{section.4.7}{\376\377\000D\000i\000s\000c\000u\000s\000s\000i\000o\000n\000\040\000c\000r\000i\000t\000i\000q\000u\000e}{chapter.4}% 19
\BOOKMARK [2][-]{subsection.4.7.1}{\376\377\000C\000o\000n\000t\000r\000i\000b\000u\000t\000i\000o\000n\000s\000\040\000e\000m\000p\000i\000r\000i\000q\000u\000e\000s\000\040\000d\000\351\000f\000e\000n\000d\000a\000b\000l\000e\000s}{section.4.7}% 20
\BOOKMARK [2][-]{subsection.4.7.2}{\376\377\000C\000a\000u\000s\000a\000l\000i\000t\000\351\000\040\000a\000r\000c\000h\000i\000t\000e\000c\000t\000u\000r\000a\000l\000e\000\040\000e\000t\000\040\000l\000i\000m\000i\000t\000e\000\040\000d\000'\000i\000d\000e\000n\000t\000i\000f\000i\000c\000a\000t\000i\000o\000n}{section.4.7}% 21
\BOOKMARK [2][-]{subsection.4.7.3}{\376\377\000M\000e\000n\000a\000c\000e\000s\000\040\000\340\000\040\000l\000a\000\040\000v\000a\000l\000i\000d\000i\000t\000\351}{section.4.7}% 22
\BOOKMARK [1][-]{section.4.8}{\376\377\000S\000y\000n\000t\000h\000\350\000s\000e}{chapter.4}% 23
\BOOKMARK [1][-]{figure.caption.19}{\376\377\000A\000n\000n\000e\000x\000e\000s\000\040\000d\000u\000\040\000c\000h\000a\000p\000i\000t\000r\000e}{chapter.4}% 24
