\BOOKMARK [0][-]{chapter.1}{\376\377\000F\000o\000n\000d\000e\000m\000e\000n\000t\000s\000\040\000d\000u\000\040\000d\000o\000w\000n\000s\000c\000a\000l\000i\000n\000g\000\040\000c\000l\000i\000m\000a\000t\000i\000q\000u\000e}{}% 1
\BOOKMARK [1][-]{section.1.1}{\376\377\000I\000n\000t\000r\000o\000d\000u\000c\000t\000i\000o\000n}{chapter.1}% 2
\BOOKMARK [1][-]{section.1.2}{\376\377\000C\000o\000n\000t\000e\000x\000t\000e\000\040\000c\000l\000i\000m\000a\000t\000i\000q\000u\000e\000\040\000e\000t\000\040\000b\000e\000s\000o\000i\000n\000\040\000d\000e\000\040\000d\000\351\000s\000a\000g\000r\000\351\000g\000a\000t\000i\000o\000n}{chapter.1}% 3
\BOOKMARK [2][-]{subsection.1.2.1}{\376\377\000C\000h\000a\000n\000g\000e\000m\000e\000n\000t\000\040\000c\000l\000i\000m\000a\000t\000i\000q\000u\000e\000\040\000e\000t\000\040\000i\000m\000p\000a\000c\000t\000s\000\040\000r\000\351\000g\000i\000o\000n\000a\000u\000x}{section.1.2}% 4
\BOOKMARK [2][-]{subsection.1.2.2}{\376\377\000M\000o\000d\000\350\000l\000e\000s\000\040\000c\000l\000i\000m\000a\000t\000i\000q\000u\000e\000s\000\040\000g\000l\000o\000b\000a\000u\000x\000\040\000e\000t\000\040\000r\000\351\000g\000i\000o\000n\000a\000u\000x}{section.1.2}% 5
\BOOKMARK [2][-]{subsection.1.2.3}{\376\377\000B\000e\000s\000o\000i\000n\000s\000\040\000l\000o\000c\000a\000u\000x\000\040\000e\000t\000\040\000c\000a\000s\000\040\000d\000e\000\040\000l\000a\000\040\000p\000r\000\351\000c\000i\000p\000i\000t\000a\000t\000i\000o\000n}{section.1.2}% 6
\BOOKMARK [1][-]{section.1.3}{\376\377\000D\000o\000n\000n\000\351\000e\000s\000\040\000c\000l\000i\000m\000a\000t\000i\000q\000u\000e\000s\000\040\000e\000t\000\040\000l\000e\000u\000r\000s\000\040\000p\000r\000o\000p\000r\000i\000\351\000t\000\351\000s}{chapter.1}% 7
\BOOKMARK [2][-]{subsection.1.3.1}{\376\377\000S\000o\000u\000r\000c\000e\000s\000\040\000d\000e\000\040\000d\000o\000n\000n\000\351\000e\000s}{section.1.3}% 8
\BOOKMARK [2][-]{subsection.1.3.2}{\376\377\000V\000a\000r\000i\000a\000b\000l\000e\000s\000,\000\040\000f\000o\000r\000m\000a\000t\000s\000\040\000e\000t\000\040\000c\000o\000n\000v\000e\000n\000t\000i\000o\000n\000s}{section.1.3}% 9
\BOOKMARK [2][-]{subsection.1.3.3}{\376\377\000P\000r\000o\000p\000r\000i\000\351\000t\000\351\000s\000\040\000s\000t\000a\000t\000i\000s\000t\000i\000q\000u\000e\000s\000\040\000d\000e\000\040\000l\000a\000\040\000p\000r\000\351\000c\000i\000p\000i\000t\000a\000t\000i\000o\000n}{section.1.3}% 10
\BOOKMARK [1][-]{section.1.4}{\376\377\000A\000p\000p\000r\000o\000c\000h\000e\000s\000\040\000c\000l\000a\000s\000s\000i\000q\000u\000e\000s\000\040\000d\000e\000\040\000d\000o\000w\000n\000s\000c\000a\000l\000i\000n\000g}{chapter.1}% 11
\BOOKMARK [2][-]{subsection.1.4.1}{\376\377\000D\000\351\000s\000a\000g\000r\000\351\000g\000a\000t\000i\000o\000n\000\040\000s\000p\000a\000t\000i\000a\000l\000e}{section.1.4}% 12
\BOOKMARK [2][-]{subsection.1.4.2}{\376\377\000D\000\351\000s\000a\000g\000r\000\351\000g\000a\000t\000i\000o\000n\000\040\000t\000e\000m\000p\000o\000r\000e\000l\000l\000e}{section.1.4}% 13
\BOOKMARK [1][-]{section.1.5}{\376\377\000A\000p\000p\000r\000o\000c\000h\000e\000s\000\040\000p\000r\000o\000b\000a\000b\000i\000l\000i\000s\000t\000e\000s\000\040\000e\000t\000\040\000g\000\351\000n\000\351\000r\000a\000t\000i\000v\000e\000s}{chapter.1}% 14
\BOOKMARK [2][-]{subsection.1.5.1}{\376\377\000D\000u\000\040\000d\000\351\000t\000e\000r\000m\000i\000n\000i\000s\000t\000e\000\040\000a\000u\000\040\000p\000r\000o\000b\000a\000b\000i\000l\000i\000s\000t\000e}{section.1.5}% 15
\BOOKMARK [2][-]{subsection.1.5.2}{\376\377\000M\000o\000d\000\350\000l\000e\000s\000\040\000g\000\351\000n\000\351\000r\000a\000t\000i\000f\000s\000\040\000a\000d\000v\000e\000r\000s\000a\000r\000i\000a\000u\000x}{section.1.5}% 16
\BOOKMARK [2][-]{subsection.1.5.3}{\376\377\000M\000o\000d\000\350\000l\000e\000s\000\040\000d\000e\000\040\000d\000i\000f\000f\000u\000s\000i\000o\000n}{section.1.5}% 17
\BOOKMARK [2][-]{subsection.1.5.4}{\376\377\000L\000e\000\040\000p\000a\000r\000a\000d\000i\000g\000m\000e\000\040\000d\000e\000u\000x\000\040\000\351\000t\000a\000g\000e\000s\000\040\000:\000\040\000C\000o\000r\000r\000D\000i\000f\000f}{section.1.5}% 18
\BOOKMARK [1][-]{section.1.6}{\376\377\000C\000a\000u\000s\000a\000l\000i\000t\000\351\000\040\000e\000t\000\040\000m\000o\000d\000\350\000l\000e\000s\000\040\000s\000t\000r\000u\000c\000t\000u\000r\000e\000l\000s}{chapter.1}% 19
\BOOKMARK [2][-]{subsection.1.6.1}{\376\377\000P\000o\000u\000r\000q\000u\000o\000i\000\040\000l\000a\000\040\000c\000a\000u\000s\000a\000l\000i\000t\000\351\000\040\000e\000n\000\040\000d\000o\000w\000n\000s\000c\000a\000l\000i\000n\000g\000\040\000c\000l\000i\000m\000a\000t\000i\000q\000u\000e}{section.1.6}% 20
\BOOKMARK [2][-]{subsection.1.6.2}{\376\377\000M\000o\000d\000\350\000l\000e\000s\000\040\000c\000a\000u\000s\000a\000u\000x\000\040\000s\000t\000r\000u\000c\000t\000u\000r\000e\000l\000s\000\040\000e\000t\000\040\000g\000r\000a\000p\000h\000e\000s\000\040\000a\000c\000y\000c\000l\000i\000q\000u\000e\000s\000\040\000d\000i\000r\000i\000g\000\351\000s}{section.1.6}% 21
\BOOKMARK [2][-]{subsection.1.6.3}{\376\377\000I\000n\000t\000e\000r\000v\000e\000n\000t\000i\000o\000n\000,\000\040\000i\000d\000e\000n\000t\000i\000f\000i\000a\000b\000i\000l\000i\000t\000\351\000\040\000e\000t\000\040\000l\000i\000e\000n\000\040\000a\000v\000e\000c\000\040\000l\000e\000\040\000d\000o\000w\000n\000s\000c\000a\000l\000i\000n\000g}{section.1.6}% 22
\BOOKMARK [1][-]{section.1.7}{\376\377\000V\000e\000r\000r\000o\000u\000s\000\040\000s\000c\000i\000e\000n\000t\000i\000f\000i\000q\000u\000e\000s\000\040\000e\000t\000\040\000t\000r\000i\000l\000e\000m\000m\000e}{chapter.1}% 23
\BOOKMARK [2][-]{subsection.1.7.1}{\376\377\000V\000e\000r\000r\000o\000u\000\040\0001\000\040\000:\000\040\000s\000t\000a\000b\000i\000l\000i\000t\000\351\000\040\000d\000'\000e\000n\000t\000r\000a\000\356\000n\000e\000m\000e\000n\000t}{section.1.7}% 24
\BOOKMARK [2][-]{subsection.1.7.2}{\376\377\000V\000e\000r\000r\000o\000u\000\040\0002\000\040\000:\000\040\000r\000\351\000a\000l\000i\000s\000m\000e\000\040\000d\000e\000s\000\040\000e\000x\000t\000r\000\352\000m\000e\000s\000\040\000e\000t\000\040\000s\000u\000b\000-\000d\000i\000s\000p\000e\000r\000s\000i\000o\000n}{section.1.7}% 25
\BOOKMARK [2][-]{subsection.1.7.3}{\376\377\000V\000e\000r\000r\000o\000u\000\040\0003\000\040\000:\000\040\000r\000o\000b\000u\000s\000t\000e\000s\000s\000e\000\040\000h\000o\000r\000s\000-\000d\000i\000s\000t\000r\000i\000b\000u\000t\000i\000o\000n}{section.1.7}% 26
\BOOKMARK [2][-]{subsection.1.7.4}{\376\377\000T\000r\000i\000l\000e\000m\000m\000e\000\040\000e\000t\000\040\000p\000o\000s\000i\000t\000i\000o\000n\000n\000e\000m\000e\000n\000t\000\040\000d\000'\000O\000r\000a\000c\000l\000e}{section.1.7}% 27
\BOOKMARK [1][-]{section.1.8}{\376\377\000S\000y\000n\000t\000h\000\350\000s\000e}{chapter.1}% 28
