\BOOKMARK [0][-]{chapter.2}{\376\377\000\311\000t\000a\000t\000\040\000d\000e\000\040\000l\000'\000a\000r\000t\000\040\000d\000u\000\040\000d\000o\000w\000n\000s\000c\000a\000l\000i\000n\000g\000\040\000p\000a\000r\000\040\000a\000p\000p\000r\000e\000n\000t\000i\000s\000s\000a\000g\000e\000\040\000p\000r\000o\000f\000o\000n\000d}{}% 1
\BOOKMARK [1][-]{section.2.1}{\376\377\000I\000n\000t\000r\000o\000d\000u\000c\000t\000i\000o\000n}{chapter.2}% 2
\BOOKMARK [1][-]{section.2.2}{\376\377\000A\000p\000p\000r\000o\000c\000h\000e\000s\000\040\000d\000\351\000t\000e\000r\000m\000i\000n\000i\000s\000t\000e\000s}{chapter.2}% 3
\BOOKMARK [2][-]{subsection.2.2.1}{\376\377\000R\000\351\000g\000r\000e\000s\000s\000i\000o\000n\000\040\000s\000t\000a\000t\000i\000s\000t\000i\000q\000u\000e\000\040\000c\000l\000a\000s\000s\000i\000q\000u\000e}{section.2.2}% 4
\BOOKMARK [2][-]{subsection.2.2.2}{\376\377\000R\000\351\000s\000e\000a\000u\000x\000\040\000c\000o\000n\000v\000o\000l\000u\000t\000i\000f\000s\000\040\000e\000t\000\040\000s\000u\000p\000e\000r\000-\000r\000\351\000s\000o\000l\000u\000t\000i\000o\000n}{section.2.2}% 5
\BOOKMARK [2][-]{subsection.2.2.3}{\376\377\000A\000r\000c\000h\000i\000t\000e\000c\000t\000u\000r\000e\000s\000\040\000d\000\351\000t\000e\000r\000m\000i\000n\000i\000s\000t\000e\000s\000\040\000a\000v\000a\000n\000c\000\351\000e\000s}{section.2.2}% 6
\BOOKMARK [1][-]{section.2.3}{\376\377\000A\000p\000p\000r\000o\000c\000h\000e\000s\000\040\000p\000r\000o\000b\000a\000b\000i\000l\000i\000s\000t\000e\000s\000\040\000a\000d\000v\000e\000r\000s\000a\000r\000i\000a\000l\000e\000s}{chapter.2}% 7
\BOOKMARK [2][-]{subsection.2.3.1}{\376\377\000R\000\351\000s\000e\000a\000u\000x\000\040\000a\000n\000t\000a\000g\000o\000n\000i\000s\000t\000e\000s\000\040\000g\000\351\000n\000\351\000r\000a\000t\000i\000f\000s\000\040\000c\000o\000n\000d\000i\000t\000i\000o\000n\000n\000e\000l\000s}{section.2.3}% 8
\BOOKMARK [2][-]{subsection.2.3.2}{\376\377\000c\000G\000A\000N\000\040\000r\000\351\000s\000i\000d\000u\000e\000l\000\040\000p\000o\000u\000r\000\040\000l\000e\000\040\000d\000o\000w\000n\000s\000c\000a\000l\000i\000n\000g\000\040\000c\000l\000i\000m\000a\000t\000i\000q\000u\000e}{section.2.3}% 9
\BOOKMARK [2][-]{subsection.2.3.3}{\376\377\000L\000i\000m\000i\000t\000e\000s\000\040\000e\000m\000p\000i\000r\000i\000q\000u\000e\000s\000\040\000d\000e\000s\000\040\000c\000G\000A\000N\000\040\000a\000p\000p\000l\000i\000q\000u\000\351\000s\000\040\000a\000u\000\040\000d\000o\000w\000n\000s\000c\000a\000l\000i\000n\000g}{section.2.3}% 10
\BOOKMARK [1][-]{section.2.4}{\376\377\000A\000p\000p\000r\000o\000c\000h\000e\000s\000\040\000\340\000\040\000v\000r\000a\000i\000s\000e\000m\000b\000l\000a\000n\000c\000e\000\040\000e\000x\000p\000l\000i\000c\000i\000t\000e}{chapter.2}% 11
\BOOKMARK [1][-]{section.2.5}{\376\377\000M\000o\000d\000\350\000l\000e\000s\000\040\000d\000e\000\040\000d\000i\000f\000f\000u\000s\000i\000o\000n}{chapter.2}% 12
\BOOKMARK [2][-]{subsection.2.5.1}{\376\377\000D\000e\000n\000o\000i\000s\000i\000n\000g\000\040\000D\000i\000f\000f\000u\000s\000i\000o\000n\000\040\000P\000r\000o\000b\000a\000b\000i\000l\000i\000s\000t\000i\000c\000\040\000M\000o\000d\000e\000l\000s}{section.2.5}% 13
\BOOKMARK [2][-]{subsection.2.5.2}{\376\377\000F\000o\000r\000m\000a\000l\000i\000s\000m\000e\000\040\000E\000D\000M\000\040\000d\000e\000\040\000K\000a\000r\000r\000a\000s\000\040\000e\000t\000\040\000a\000l\000.}{section.2.5}% 14
\BOOKMARK [2][-]{subsection.2.5.3}{\376\377\000P\000r\000e\000m\000i\000\350\000r\000e\000s\000\040\000a\000p\000p\000l\000i\000c\000a\000t\000i\000o\000n\000s\000\040\000a\000u\000\040\000c\000l\000i\000m\000a\000t\000\040\000:\000\040\000S\000R\0003\000,\000\040\000R\000e\000s\000S\000h\000i\000f\000t\000,\000\040\000R\000e\000s\000D\000i\000f\000f}{section.2.5}% 15
\BOOKMARK [1][-]{section.2.6}{\376\377\000L\000e\000\040\000p\000a\000r\000a\000d\000i\000g\000m\000e\000\040\000\340\000\040\000d\000e\000u\000x\000\040\000\351\000t\000a\000g\000e\000s\000\040\000:\000\040\000C\000o\000r\000r\000D\000i\000f\000f}{chapter.2}% 16
\BOOKMARK [2][-]{subsection.2.6.1}{\376\377\000I\000d\000\351\000e\000\040\000f\000o\000n\000d\000a\000t\000r\000i\000c\000e}{section.2.6}% 17
\BOOKMARK [2][-]{subsection.2.6.2}{\376\377\000A\000r\000c\000h\000i\000t\000e\000c\000t\000u\000r\000e\000\040\000d\000\351\000t\000a\000i\000l\000l\000\351\000e}{section.2.6}% 18
\BOOKMARK [2][-]{subsection.2.6.3}{\376\377\000F\000o\000r\000c\000e\000s\000\040\000d\000u\000\040\000p\000a\000r\000a\000d\000i\000g\000m\000e\000\040\000\340\000\040\000d\000e\000u\000x\000\040\000\351\000t\000a\000g\000e\000s}{section.2.6}% 19
\BOOKMARK [2][-]{subsection.2.6.4}{\376\377\000L\000i\000m\000i\000t\000e\000s\000\040\000i\000d\000e\000n\000t\000i\000f\000i\000\351\000e\000s\000\040\000d\000e\000\040\000C\000o\000r\000r\000D\000i\000f\000f}{section.2.6}% 20
\BOOKMARK [2][-]{subsection.2.6.5}{\376\377\000P\000o\000u\000r\000q\000u\000o\000i\000\040\000C\000o\000r\000r\000D\000i\000f\000f\000\040\000p\000l\000u\000t\000\364\000t\000\040\000q\000u\000e\000\040\000S\000R\0003\000\040\000?}{section.2.6}% 21
\BOOKMARK [1][-]{section.2.7}{\376\377\000F\000o\000n\000c\000t\000i\000o\000n\000s\000\040\000d\000e\000\040\000p\000e\000r\000t\000e\000\040\000e\000t\000\040\000c\000o\000n\000t\000r\000a\000i\000n\000t\000e\000s\000\040\000p\000h\000y\000s\000i\000q\000u\000e\000s}{chapter.2}% 22
\BOOKMARK [2][-]{subsection.2.7.1}{\376\377\000P\000e\000r\000t\000e\000s\000\040\000a\000d\000a\000p\000t\000\351\000e\000s\000\040\000\340\000\040\000l\000a\000\040\000p\000r\000\351\000c\000i\000p\000i\000t\000a\000t\000i\000o\000n}{section.2.7}% 23
\BOOKMARK [2][-]{subsection.2.7.2}{\376\377\000C\000o\000n\000t\000r\000a\000i\000n\000t\000e\000s\000\040\000p\000h\000y\000s\000i\000q\000u\000e\000s\000\040\000e\000t\000\040\000e\000x\000p\000l\000i\000c\000a\000b\000i\000l\000i\000t\000\351}{section.2.7}% 24
\BOOKMARK [1][-]{section.2.8}{\376\377\000C\000a\000d\000r\000e\000s\000\040\000d\000'\000\351\000v\000a\000l\000u\000a\000t\000i\000o\000n\000\040\000e\000t\000\040\000f\000o\000u\000n\000d\000a\000t\000i\000o\000n\000\040\000m\000o\000d\000e\000l\000s}{chapter.2}% 25
\BOOKMARK [2][-]{subsection.2.8.1}{\376\377\000B\000e\000n\000c\000h\000m\000a\000r\000k\000s\000\040\000s\000t\000a\000n\000d\000a\000r\000d\000i\000s\000\351\000s}{section.2.8}% 26
\BOOKMARK [2][-]{subsection.2.8.2}{\376\377\000F\000o\000u\000n\000d\000a\000t\000i\000o\000n\000\040\000m\000o\000d\000e\000l\000s\000\040\000c\000l\000i\000m\000a\000t}{section.2.8}% 27
\BOOKMARK [1][-]{section.2.9}{\376\377\000S\000y\000n\000t\000h\000\350\000s\000e\000,\000\040\000t\000a\000b\000l\000e\000a\000u\000\040\000c\000o\000m\000p\000a\000r\000a\000t\000i\000f\000\040\000e\000t\000\040\000g\000a\000p\000\040\000s\000c\000i\000e\000n\000t\000i\000f\000i\000q\000u\000e}{chapter.2}% 28
\BOOKMARK [2][-]{subsection.2.9.1}{\376\377\000T\000a\000b\000l\000e\000a\000u\000\040\000c\000o\000m\000p\000a\000r\000a\000t\000i\000f\000\040\000m\000o\000d\000\350\000l\000e\000\040\000\327\000\040\000v\000e\000r\000r\000o\000u}{section.2.9}% 29
\BOOKMARK [2][-]{subsection.2.9.2}{\376\377\000G\000a\000p\000\040\000s\000c\000i\000e\000n\000t\000i\000f\000i\000q\000u\000e}{section.2.9}% 30
\BOOKMARK [2][-]{subsection.2.9.3}{\376\377\000P\000o\000s\000i\000t\000i\000o\000n\000n\000e\000m\000e\000n\000t\000\040\000d\000'\000O\000r\000a\000c\000l\000e\000\040\000d\000a\000n\000s\000\040\000l\000e\000\040\000p\000a\000y\000s\000a\000g\000e}{section.2.9}% 31
\BOOKMARK [2][-]{subsection.2.9.4}{\376\377\000T\000r\000a\000n\000s\000i\000t\000i\000o\000n\000\040\000v\000e\000r\000s\000\040\000l\000e\000\040\000C\000h\000a\000p\000i\000t\000r\000e\000\040\000I\000I\000I}{section.2.9}% 32
