\BOOKMARK [0][-]{chapter.3}{\376\377\000P\000r\000o\000p\000o\000s\000i\000t\000i\000o\000n\000\040\000:\000\040\000O\000r\000a\000c\000l\000e\000,\000\040\000a\000r\000c\000h\000i\000t\000e\000c\000t\000u\000r\000e\000\040\000c\000a\000u\000s\000a\000l\000e\000\040\000\340\000\040\000d\000e\000u\000x\000\040\000\351\000t\000a\000g\000e\000s}{}% 1
\BOOKMARK [1][-]{section.3.1}{\376\377\000I\000n\000t\000r\000o\000d\000u\000c\000t\000i\000o\000n}{chapter.3}% 2
\BOOKMARK [2][-]{subsection.3.1.1}{\376\377\000N\000o\000t\000a\000t\000i\000o\000n\000s}{section.3.1}% 3
\BOOKMARK [2][-]{subsection.3.1.2}{\376\377\000O\000b\000j\000e\000c\000t\000i\000f\000s\000\040\000O\0001\000-\000O\0006}{section.3.1}% 4
\BOOKMARK [1][-]{section.3.2}{\376\377\000V\000u\000e\000\040\000d\000'\000e\000n\000s\000e\000m\000b\000l\000e\000\040\000e\000t\000\040\000d\000i\000f\000f\000\351\000r\000e\000n\000c\000e\000\040\000a\000v\000e\000c\000\040\000C\000o\000r\000r\000D\000i\000f\000f}{chapter.3}% 5
\BOOKMARK [2][-]{subsection.3.2.1}{\376\377\000A\000r\000c\000h\000i\000t\000e\000c\000t\000u\000r\000e\000\040\000e\000n\000\040\000q\000u\000a\000t\000r\000e\000\040\000b\000l\000o\000c\000s\000\040\000f\000o\000n\000c\000t\000i\000o\000n\000n\000e\000l\000s}{section.3.2}% 6
\BOOKMARK [2][-]{subsection.3.2.2}{\376\377\000\311\000c\000a\000r\000t\000\040\000a\000v\000e\000c\000\040\000C\000o\000r\000r\000D\000i\000f\000f\000\040\000:\000\040\000l\000a\000\040\000c\000a\000u\000s\000a\000l\000i\000s\000a\000t\000i\000o\000n\000\040\000d\000u\000\040\000p\000r\000e\000m\000i\000e\000r\000\040\000\351\000t\000a\000g\000e}{section.3.2}% 7
\BOOKMARK [1][-]{section.3.3}{\376\377\000G\000r\000a\000p\000h\000e\000\040\000a\000t\000m\000o\000s\000p\000h\000\351\000r\000i\000q\000u\000e\000\040\000h\000\351\000t\000\351\000r\000o\000g\000\350\000n\000e}{chapter.3}% 8
\BOOKMARK [2][-]{subsection.3.3.1}{\376\377\000T\000y\000p\000e\000s\000\040\000d\000e\000\040\000n\001\123\000u\000d\000s\000\040\000e\000t\000\040\000h\000i\000\351\000r\000a\000r\000c\000h\000i\000e\000\040\000v\000e\000r\000t\000i\000c\000a\000l\000e}{section.3.3}% 9
\BOOKMARK [2][-]{subsection.3.3.2}{\376\377\000T\000y\000p\000e\000s\000\040\000d\000'\000a\000r\000\352\000t\000e\000s\000\040\000e\000t\000\040\000p\000h\000y\000s\000i\000q\000u\000e\000\040\000e\000n\000c\000o\000d\000\351\000e}{section.3.3}% 10
\BOOKMARK [2][-]{subsection.3.3.3}{\376\377\000D\000r\000i\000v\000e\000r\000s\000\040\000s\000t\000a\000t\000i\000q\000u\000e\000s\000\040\000e\000t\000\040\000a\000c\000h\000e\000m\000i\000n\000e\000m\000e\000n\000t\000\040\000c\000a\000u\000s\000a\000l}{section.3.3}% 11
\BOOKMARK [1][-]{section.3.4}{\376\377\000E\000n\000c\000o\000d\000e\000u\000r\000\040\000i\000n\000t\000e\000l\000l\000i\000g\000i\000b\000l\000e\000\040\000d\000e\000s\000\040\000v\000a\000r\000i\000a\000b\000l\000e\000s}{chapter.3}% 12
\BOOKMARK [2][-]{subsection.3.4.1}{\376\377\000M\000o\000t\000i\000v\000a\000t\000i\000o\000n\000\040\000:\000\040\000p\000r\000\351\000s\000e\000r\000v\000e\000r\000\040\000l\000'\000i\000d\000e\000n\000t\000i\000t\000\351\000\040\000p\000h\000y\000s\000i\000q\000u\000e\000\040\000d\000e\000s\000\040\000v\000a\000r\000i\000a\000b\000l\000e\000s}{section.3.4}% 13
\BOOKMARK [2][-]{subsection.3.4.2}{\376\377\000A\000r\000c\000h\000i\000t\000e\000c\000t\000u\000r\000e\000\040\000p\000a\000r\000\040\000v\000a\000r\000i\000a\000b\000l\000e\000\040\000e\000t\000\040\000n\000o\000r\000m\000a\000l\000i\000s\000a\000t\000i\000o\000n}{section.3.4}% 14
\BOOKMARK [1][-]{section.3.5}{\376\377\000R\000\351\000s\000e\000a\000u\000\040\000c\000a\000u\000s\000a\000l\000\040\000r\000\351\000c\000u\000r\000r\000e\000n\000t\000\040\000\050\000R\000C\000N\000\051}{chapter.3}% 15
\BOOKMARK [2][-]{subsection.3.5.1}{\376\377\000P\000r\000i\000n\000c\000i\000p\000e\000\040\000:\000\040\000S\000C\000M\000\040\000d\000y\000n\000a\000m\000i\000q\000u\000e\000\040\000e\000n\000c\000h\000a\000\356\000n\000\351\000\040\000\340\000\040\000u\000n\000e\000\040\000m\000i\000s\000e\000\040\000\340\000\040\000j\000o\000u\000r\000\040\000t\000e\000m\000p\000o\000r\000e\000l\000l\000e}{section.3.5}% 16
\BOOKMARK [2][-]{subsection.3.5.2}{\376\377\000\311\000q\000u\000a\000t\000i\000o\000n\000s\000\040\000d\000u\000\040\000S\000C\000M\000\040\000d\000y\000n\000a\000m\000i\000q\000u\000e}{section.3.5}% 17
\BOOKMARK [2][-]{subsection.3.5.3}{\376\377\000M\000i\000s\000e\000\040\000\340\000\040\000j\000o\000u\000r\000\040\000t\000e\000m\000p\000o\000r\000e\000l\000l\000e\000\040\000G\000R\000U}{section.3.5}% 18
\BOOKMARK [2][-]{subsection.3.5.4}{\376\377\000P\000s\000e\000u\000d\000o\000-\000c\000o\000d\000e\000\040\000d\000e\000\040\000l\000a\000\040\000p\000a\000s\000s\000e\000\040\000a\000v\000a\000n\000t}{section.3.5}% 19
\BOOKMARK [1][-]{section.3.6}{\376\377\000A\000p\000p\000r\000e\000n\000t\000i\000s\000s\000a\000g\000e\000\040\000d\000u\000\040\000D\000A\000G\000\040\000p\000a\000r\000\040\000c\000o\000n\000t\000r\000a\000i\000n\000t\000e\000\040\000D\000A\000G\000M\000A}{chapter.3}% 20
\BOOKMARK [2][-]{subsection.3.6.1}{\376\377\000P\000r\000o\000b\000l\000\350\000m\000e\000\040\000d\000e\000\040\000l\000'\000a\000p\000p\000r\000e\000n\000t\000i\000s\000s\000a\000g\000e\000\040\000d\000e\000\040\000g\000r\000a\000p\000h\000e\000s\000\040\000a\000c\000y\000c\000l\000i\000q\000u\000e\000s}{section.3.6}% 21
\BOOKMARK [2][-]{subsection.3.6.2}{\376\377\000C\000a\000r\000a\000c\000t\000\351\000r\000i\000s\000a\000t\000i\000o\000n\000\040\000D\000A\000G\000M\000A}{section.3.6}% 22
\BOOKMARK [2][-]{subsection.3.6.3}{\376\377\000P\000o\000r\000t\000\351\000e\000\040\000e\000t\000\040\000l\000i\000m\000i\000t\000e\000s\000\040\000d\000e\000\040\000l\000a\000\040\000c\000a\000u\000s\000a\000l\000i\000t\000\351\000\040\000a\000p\000p\000r\000i\000s\000e}{section.3.6}% 23
\BOOKMARK [1][-]{section.3.7}{\376\377\000D\000\351\000c\000o\000d\000e\000u\000r\000\040\000g\000r\000a\000p\000h\000e\000-\000\340\000-\000g\000r\000i\000l\000l\000e\000\040\000e\000t\000\040\000m\000o\000y\000e\000n\000n\000e\000\040\000h\000a\000u\000t\000e\000\040\000r\000\351\000s\000o\000l\000u\000t\000i\000o\000n}{chapter.3}% 24
\BOOKMARK [2][-]{subsection.3.7.1}{\376\377\000D\000u\000\040\000t\000e\000n\000s\000e\000u\000r\000\040\000d\000e\000\040\000g\000r\000a\000p\000h\000e\000\040\000\340\000\040\000l\000a\000\040\000g\000r\000i\000l\000l\000e\000\040\000d\000e\000\040\000p\000i\000x\000e\000l\000s}{section.3.7}% 25
\BOOKMARK [2][-]{subsection.3.7.2}{\376\377\000C\000r\000o\000s\000s\000-\000a\000t\000t\000e\000n\000t\000i\000o\000n\000\040\000\340\000\040\000r\000\351\000s\000o\000l\000u\000t\000i\000o\000n\000\040\000i\000n\000t\000e\000r\000m\000\351\000d\000i\000a\000i\000r\000e}{section.3.7}% 26
\BOOKMARK [2][-]{subsection.3.7.3}{\376\377\000R\000a\000f\000f\000i\000n\000e\000m\000e\000n\000t\000\040\000c\000o\000n\000v\000o\000l\000u\000t\000i\000f\000\040\000e\000t\000\040\000p\000r\000o\000j\000e\000c\000t\000i\000o\000n\000\040\000f\000i\000n\000a\000l\000e}{section.3.7}% 27
\BOOKMARK [1][-]{section.3.8}{\376\377\000I\000n\000t\000e\000r\000f\000a\000c\000e\000\040\000i\000n\000t\000e\000r\000-\000\351\000t\000a\000g\000e\000s\000\040\000e\000t\000\040\000p\000r\000o\000p\000r\000i\000\351\000t\000\351\000\040\000\050\000O\0003\000\051}{chapter.3}% 28
\BOOKMARK [2][-]{subsection.3.8.1}{\376\377\000P\000r\000\351\000-\000c\000a\000l\000c\000u\000l\000\040\000e\000t\000\040\000m\000i\000s\000e\000\040\000e\000n\000\040\000c\000a\000c\000h\000e\000\040\000d\000e\000s\000\040\000s\000o\000r\000t\000i\000e\000s\000\040\000d\000e\000\040\000S\000t\000a\000g\000e\000\040\0001}{section.3.8}% 29
\BOOKMARK [2][-]{subsection.3.8.2}{\376\377\000R\000e\000c\000a\000l\000i\000b\000r\000a\000t\000i\000o\000n\000\040\000d\000e\000\040\000l\000'\000\351\000c\000a\000r\000t\000-\000t\000y\000p\000e\000\040\000d\000e\000s\000\040\000r\000\351\000s\000i\000d\000u\000e\000l\000s}{section.3.8}% 30
\BOOKMARK [2][-]{subsection.3.8.3}{\376\377\000D\000\351\000f\000i\000n\000i\000t\000i\000o\000n\000\040\000f\000o\000r\000m\000e\000l\000l\000e\000\040\000d\000e\000\040\000l\000a\000\040\000p\000r\000o\000p\000r\000i\000\351\000t\000\351\000\040\000\050\000O\0003\000\051}{section.3.8}% 31
\BOOKMARK [2][-]{subsection.3.8.4}{\376\377\000V\000a\000r\000i\000a\000n\000t\000e\000\040\000d\000'\000a\000b\000l\000a\000t\000i\000o\000n\000\040\000n\000o\000n\000c\000a\000u\000s\000a\000l}{section.3.8}% 32
\BOOKMARK [1][-]{section.3.9}{\376\377\000\311\000t\000a\000g\000e\000\040\0002\000\040\000:\000\040\000d\000i\000f\000f\000u\000s\000i\000o\000n\000\040\000E\000D\000M\000\040\000r\000\351\000s\000i\000d\000u\000e\000l\000l\000e}{chapter.3}% 33
\BOOKMARK [2][-]{subsection.3.9.1}{\376\377\000C\000h\000o\000i\000x\000\040\000d\000u\000\040\000p\000a\000r\000a\000d\000i\000g\000m\000e\000\040\000:\000\040\000E\000D\000M\000\040\000K\000a\000r\000r\000a\000s\000\040\0002\0000\0002\0002}{section.3.9}% 34
\BOOKMARK [2][-]{subsection.3.9.2}{\376\377\000S\000p\000\351\000c\000i\000f\000i\000c\000i\000t\000\351\000\040\000O\000r\000a\000c\000l\000e\000\040\000:\000\040\000c\000o\000n\000d\000i\000t\000i\000o\000n\000n\000e\000m\000e\000n\000t\000\040\000p\000a\000r\000\040\000c\000o\000n\000c\000a\000t\000\351\000n\000a\000t\000i\000o\000n\000\040\000d\000e\000\040\000c\000a\000n\000a\000u\000x}{section.3.9}% 35
\BOOKMARK [2][-]{subsection.3.9.3}{\376\377\000P\000o\000u\000r\000q\000u\000o\000i\000\040\000l\000e\000\040\000r\000\351\000s\000i\000d\000u\000\040\000p\000l\000u\000t\000\364\000t\000\040\000q\000u\000e\000\040\000l\000e\000\040\000c\000h\000a\000m\000p\000\040\000c\000o\000m\000p\000l\000e\000t}{section.3.9}% 36
\BOOKMARK [1][-]{section.3.10}{\376\377\000P\000e\000r\000t\000e\000s\000\040\000c\000o\000m\000p\000o\000s\000i\000t\000e\000s\000\040\000e\000t\000\040\000e\000n\000t\000r\000a\000\356\000n\000e\000m\000e\000n\000t}{chapter.3}% 37
\BOOKMARK [2][-]{subsection.3.10.1}{\376\377\000P\000e\000r\000t\000e\000s\000\040\000d\000u\000\040\000p\000r\000e\000m\000i\000e\000r\000\040\000\351\000t\000a\000g\000e}{section.3.10}% 38
\BOOKMARK [2][-]{subsection.3.10.2}{\376\377\000P\000e\000r\000t\000e\000\040\000d\000u\000\040\000s\000e\000c\000o\000n\000d\000\040\000\351\000t\000a\000g\000e}{section.3.10}% 39
\BOOKMARK [2][-]{subsection.3.10.3}{\376\377\000P\000r\000o\000c\000\351\000d\000u\000r\000e\000\040\000d\000'\000e\000n\000t\000r\000a\000\356\000n\000e\000m\000e\000n\000t\000\040\000e\000n\000\040\000d\000e\000u\000x\000\040\000\351\000t\000a\000g\000e\000s}{section.3.10}% 40
\BOOKMARK [2][-]{subsection.3.10.4}{\376\377\000T\000a\000b\000l\000e\000a\000u\000\040\000r\000\351\000c\000a\000p\000i\000t\000u\000l\000a\000t\000i\000f\000\040\000d\000e\000s\000\040\000p\000e\000r\000t\000e\000s}{section.3.10}% 41
\BOOKMARK [2][-]{subsection.3.10.5}{\376\377\000O\000p\000t\000i\000m\000i\000s\000a\000t\000i\000o\000n\000,\000\040\000E\000M\000A\000\040\000e\000t\000\040\000c\000o\000n\000d\000i\000t\000i\000o\000n\000i\000n\000g\000\040\000d\000r\000o\000p\000o\000u\000t}{section.3.10}% 42
\BOOKMARK [1][-]{section.3.11}{\376\377\000S\000y\000n\000t\000h\000\350\000s\000e\000,\000\040\000t\000r\000a\000\347\000a\000b\000i\000l\000i\000t\000\351\000\040\000e\000t\000\040\000c\000h\000o\000i\000x\000\040\000n\000o\000n\000\040\000r\000e\000t\000e\000n\000u\000s}{chapter.3}% 43
\BOOKMARK [2][-]{subsection.3.11.1}{\376\377\000T\000a\000b\000l\000e\000a\000u\000\040\000c\000o\000m\000p\000o\000s\000a\000n\000t\000\040\000\327\000\040\000i\000n\000s\000p\000i\000r\000a\000t\000i\000o\000n\000\040\000\327\000\040\000v\000e\000r\000r\000o\000u\000\040\000a\000d\000r\000e\000s\000s\000\351}{section.3.11}% 44
\BOOKMARK [2][-]{subsection.3.11.2}{\376\377\000C\000a\000r\000t\000o\000u\000c\000h\000e\000\040\000c\000o\000n\000c\000e\000p\000t\000u\000e\000l\000\040\000f\000i\000n\000a\000l\000\040\000d\000'\000O\000r\000a\000c\000l\000e}{section.3.11}% 45
\BOOKMARK [2][-]{subsection.3.11.3}{\376\377\000C\000h\000o\000i\000x\000\040\000a\000r\000c\000h\000i\000t\000e\000c\000t\000u\000r\000a\000u\000x\000\040\000n\000o\000n\000\040\000r\000e\000t\000e\000n\000u\000s}{section.3.11}% 46
\BOOKMARK [2][-]{subsection.3.11.4}{\376\377\000T\000r\000a\000n\000s\000i\000t\000i\000o\000n\000\040\000v\000e\000r\000s\000\040\000l\000e\000\040\000C\000h\000a\000p\000i\000t\000r\000e\000\040\000I\000V}{section.3.11}% 47
