\BOOKMARK [0][-]{chapter*.1}{\376\377\000I\000n\000t\000r\000o\000d\000u\000c\000t\000i\000o\000n\000\040\000g\000\351\000n\000\351\000r\000a\000l\000e}{}% 1
\BOOKMARK [1][-]{section*.2}{\376\377\000C\000o\000n\000t\000e\000x\000t\000e\000\040\000d\000u\000\040\000t\000r\000a\000v\000a\000i\000l}{chapter*.1}% 2
\BOOKMARK [1][-]{section*.2}{\376\377\000P\000r\000o\000b\000l\000\351\000m\000a\000t\000i\000q\000u\000e\000\040\000\351\000t\000u\000d\000i\000\351\000e}{chapter*.1}% 3
\BOOKMARK [1][-]{section*.2}{\376\377\000O\000b\000j\000e\000c\000t\000i\000f\000s}{chapter*.1}% 4
\BOOKMARK [1][-]{section*.2}{\376\377\000C\000o\000n\000t\000r\000i\000b\000u\000t\000i\000o\000n}{chapter*.1}% 5
\BOOKMARK [1][-]{section*.2}{\376\377\000O\000r\000g\000a\000n\000i\000s\000a\000t\000i\000o\000n\000\040\000d\000u\000\040\000m\000a\000n\000u\000s\000c\000r\000i\000t}{chapter*.1}% 6
\BOOKMARK [0][-]{chapter.1}{\376\377\000F\000o\000n\000d\000e\000m\000e\000n\000t\000s\000\040\000d\000u\000\040\000d\000o\000w\000n\000s\000c\000a\000l\000i\000n\000g\000\040\000c\000l\000i\000m\000a\000t\000i\000q\000u\000e}{}% 7
\BOOKMARK [1][-]{section.1.1}{\376\377\000I\000n\000t\000r\000o\000d\000u\000c\000t\000i\000o\000n}{chapter.1}% 8
\BOOKMARK [1][-]{section.1.2}{\376\377\000C\000o\000n\000t\000e\000x\000t\000e\000\040\000c\000l\000i\000m\000a\000t\000i\000q\000u\000e\000\040\000e\000t\000\040\000b\000e\000s\000o\000i\000n\000\040\000d\000e\000\040\000d\000\351\000s\000a\000g\000r\000\351\000g\000a\000t\000i\000o\000n}{chapter.1}% 9
\BOOKMARK [2][-]{subsection.1.2.1}{\376\377\000M\000o\000d\000\350\000l\000e\000s\000\040\000c\000l\000i\000m\000a\000t\000i\000q\000u\000e\000s\000\040\000g\000l\000o\000b\000a\000u\000x\000\040\000e\000t\000\040\000r\000\351\000g\000i\000o\000n\000a\000u\000x}{section.1.2}% 10
\BOOKMARK [2][-]{subsection.1.2.2}{\376\377\000C\000a\000s\000\040\000d\000e\000\040\000l\000a\000\040\000p\000r\000\351\000c\000i\000p\000i\000t\000a\000t\000i\000o\000n}{section.1.2}% 11
\BOOKMARK [1][-]{section.1.3}{\376\377\000D\000o\000n\000n\000\351\000e\000s\000\040\000c\000l\000i\000m\000a\000t\000i\000q\000u\000e\000s\000\040\000e\000t\000\040\000l\000e\000u\000r\000s\000\040\000p\000r\000o\000p\000r\000i\000\351\000t\000\351\000s}{chapter.1}% 12
\BOOKMARK [2][-]{subsection.1.3.1}{\376\377\000S\000o\000u\000r\000c\000e\000s\000\040\000d\000e\000\040\000d\000o\000n\000n\000\351\000e\000s\000\040\000e\000t\000\040\000f\000o\000r\000m\000a\000t\000s}{section.1.3}% 13
\BOOKMARK [2][-]{subsection.1.3.2}{\376\377\000P\000r\000o\000p\000r\000i\000\351\000t\000\351\000s\000\040\000s\000t\000a\000t\000i\000s\000t\000i\000q\000u\000e\000s\000\040\000d\000e\000\040\000l\000a\000\040\000p\000r\000\351\000c\000i\000p\000i\000t\000a\000t\000i\000o\000n}{section.1.3}% 14
\BOOKMARK [2][-]{subsection.1.3.3}{\376\377\000S\000o\000u\000r\000c\000e\000s\000\040\000d\000'\000i\000n\000c\000e\000r\000t\000i\000t\000u\000d\000e\000\040\000e\000t\000\040\000n\000\351\000c\000e\000s\000s\000i\000t\000\351\000\040\000d\000'\000u\000n\000\040\000c\000a\000d\000r\000e\000\040\000p\000r\000o\000b\000a\000b\000i\000l\000i\000s\000t\000e}{section.1.3}% 15
\BOOKMARK [1][-]{section.1.4}{\376\377\000A\000p\000p\000r\000o\000c\000h\000e\000s\000\040\000c\000l\000a\000s\000s\000i\000q\000u\000e\000s\000\040\000d\000e\000\040\000d\000o\000w\000n\000s\000c\000a\000l\000i\000n\000g}{chapter.1}% 16
\BOOKMARK [2][-]{subsection.1.4.1}{\376\377\000D\000\351\000s\000a\000g\000r\000\351\000g\000a\000t\000i\000o\000n\000\040\000s\000p\000a\000t\000i\000a\000l\000e}{section.1.4}% 17
\BOOKMARK [2][-]{subsection.1.4.2}{\376\377\000D\000\351\000s\000a\000g\000r\000\351\000g\000a\000t\000i\000o\000n\000\040\000t\000e\000m\000p\000o\000r\000e\000l\000l\000e}{section.1.4}% 18
\BOOKMARK [1][-]{section.1.5}{\376\377\000A\000p\000p\000r\000o\000c\000h\000e\000s\000\040\000p\000r\000o\000b\000a\000b\000i\000l\000i\000s\000t\000e\000s\000\040\000e\000t\000\040\000g\000\351\000n\000\351\000r\000a\000t\000i\000v\000e\000s}{chapter.1}% 19
\BOOKMARK [2][-]{subsection.1.5.1}{\376\377\000D\000u\000\040\000d\000\351\000t\000e\000r\000m\000i\000n\000i\000s\000t\000e\000\040\000a\000u\000\040\000p\000r\000o\000b\000a\000b\000i\000l\000i\000s\000t\000e}{section.1.5}% 20
\BOOKMARK [2][-]{subsection.1.5.2}{\376\377\000M\000o\000d\000\350\000l\000e\000s\000\040\000g\000\351\000n\000\351\000r\000a\000t\000i\000f\000s\000\040\000a\000d\000v\000e\000r\000s\000a\000r\000i\000a\000u\000x}{section.1.5}% 21
\BOOKMARK [2][-]{subsection.1.5.3}{\376\377\000M\000o\000d\000\350\000l\000e\000s\000\040\000d\000e\000\040\000d\000i\000f\000f\000u\000s\000i\000o\000n}{section.1.5}% 22
\BOOKMARK [2][-]{subsection.1.5.4}{\376\377\000L\000e\000\040\000p\000a\000r\000a\000d\000i\000g\000m\000e\000\040\000d\000e\000u\000x\000\040\000\351\000t\000a\000g\000e\000s\000\040\000:\000\040\000C\000o\000r\000r\000D\000i\000f\000f}{section.1.5}% 23
\BOOKMARK [1][-]{section.1.6}{\376\377\000C\000a\000u\000s\000a\000l\000i\000t\000\351\000\040\000e\000t\000\040\000m\000o\000d\000\350\000l\000e\000s\000\040\000s\000t\000r\000u\000c\000t\000u\000r\000e\000l\000s}{chapter.1}% 24
\BOOKMARK [2][-]{subsection.1.6.1}{\376\377\000P\000o\000u\000r\000q\000u\000o\000i\000\040\000l\000a\000\040\000c\000a\000u\000s\000a\000l\000i\000t\000\351\000\040\000e\000n\000\040\000d\000o\000w\000n\000s\000c\000a\000l\000i\000n\000g\000\040\000c\000l\000i\000m\000a\000t\000i\000q\000u\000e}{section.1.6}% 25
\BOOKMARK [2][-]{subsection.1.6.2}{\376\377\000M\000o\000d\000\350\000l\000e\000s\000\040\000c\000a\000u\000s\000a\000u\000x\000\040\000s\000t\000r\000u\000c\000t\000u\000r\000e\000l\000s\000\040\000e\000t\000\040\000g\000r\000a\000p\000h\000e\000s\000\040\000a\000c\000y\000c\000l\000i\000q\000u\000e\000s\000\040\000d\000i\000r\000i\000g\000\351\000s}{section.1.6}% 26
\BOOKMARK [2][-]{subsection.1.6.3}{\376\377\000I\000n\000t\000e\000r\000v\000e\000n\000t\000i\000o\000n\000,\000\040\000i\000d\000e\000n\000t\000i\000f\000i\000a\000b\000i\000l\000i\000t\000\351\000\040\000e\000t\000\040\000l\000i\000e\000n\000\040\000a\000v\000e\000c\000\040\000l\000e\000\040\000d\000o\000w\000n\000s\000c\000a\000l\000i\000n\000g}{section.1.6}% 27
\BOOKMARK [1][-]{section.1.7}{\376\377\000V\000e\000r\000r\000o\000u\000s\000\040\000s\000c\000i\000e\000n\000t\000i\000f\000i\000q\000u\000e\000s\000\040\000e\000t\000\040\000t\000r\000i\000l\000e\000m\000m\000e}{chapter.1}% 28
\BOOKMARK [2][-]{subsection.1.7.1}{\376\377\000V\000e\000r\000r\000o\000u\000\040\0001\000\040\000:\000\040\000s\000t\000a\000b\000i\000l\000i\000t\000\351\000\040\000d\000'\000e\000n\000t\000r\000a\000\356\000n\000e\000m\000e\000n\000t}{section.1.7}% 29
\BOOKMARK [2][-]{subsection.1.7.2}{\376\377\000V\000e\000r\000r\000o\000u\000\040\0002\000\040\000:\000\040\000r\000\351\000a\000l\000i\000s\000m\000e\000\040\000d\000e\000s\000\040\000e\000x\000t\000r\000\352\000m\000e\000s\000\040\000e\000t\000\040\000s\000u\000b\000-\000d\000i\000s\000p\000e\000r\000s\000i\000o\000n}{section.1.7}% 30
\BOOKMARK [2][-]{subsection.1.7.3}{\376\377\000V\000e\000r\000r\000o\000u\000\040\0003\000\040\000:\000\040\000r\000o\000b\000u\000s\000t\000e\000s\000s\000e\000\040\000h\000o\000r\000s\000-\000d\000i\000s\000t\000r\000i\000b\000u\000t\000i\000o\000n}{section.1.7}% 31
\BOOKMARK [2][-]{subsection.1.7.4}{\376\377\000T\000r\000i\000l\000e\000m\000m\000e\000\040\000e\000t\000\040\000p\000o\000s\000i\000t\000i\000o\000n\000n\000e\000m\000e\000n\000t\000\040\000d\000'\000O\000r\000a\000c\000l\000e}{section.1.7}% 32
\BOOKMARK [1][-]{section.1.8}{\376\377\000S\000y\000n\000t\000h\000\350\000s\000e}{chapter.1}% 33
\BOOKMARK [0][-]{chapter.2}{\376\377\000\311\000t\000a\000t\000\040\000d\000e\000\040\000l\000'\000a\000r\000t\000\040\000d\000u\000\040\000d\000o\000w\000n\000s\000c\000a\000l\000i\000n\000g\000\040\000p\000a\000r\000\040\000a\000p\000p\000r\000e\000n\000t\000i\000s\000s\000a\000g\000e\000\040\000p\000r\000o\000f\000o\000n\000d}{}% 34
\BOOKMARK [1][-]{section.2.1}{\376\377\000I\000n\000t\000r\000o\000d\000u\000c\000t\000i\000o\000n}{chapter.2}% 35
\BOOKMARK [1][-]{section.2.2}{\376\377\000A\000p\000p\000r\000o\000c\000h\000e\000s\000\040\000d\000\351\000t\000e\000r\000m\000i\000n\000i\000s\000t\000e\000s}{chapter.2}% 36
\BOOKMARK [2][-]{subsection.2.2.1}{\376\377\000R\000\351\000g\000r\000e\000s\000s\000i\000o\000n\000\040\000s\000t\000a\000t\000i\000s\000t\000i\000q\000u\000e\000\040\000c\000l\000a\000s\000s\000i\000q\000u\000e}{section.2.2}% 37
\BOOKMARK [2][-]{subsection.2.2.2}{\376\377\000R\000\351\000s\000e\000a\000u\000x\000\040\000c\000o\000n\000v\000o\000l\000u\000t\000i\000f\000s\000\040\000e\000t\000\040\000s\000u\000p\000e\000r\000-\000r\000\351\000s\000o\000l\000u\000t\000i\000o\000n}{section.2.2}% 38
\BOOKMARK [1][-]{section.2.3}{\376\377\000A\000p\000p\000r\000o\000c\000h\000e\000s\000\040\000p\000r\000o\000b\000a\000b\000i\000l\000i\000s\000t\000e\000s\000\040\000a\000d\000v\000e\000r\000s\000a\000r\000i\000a\000l\000e\000s}{chapter.2}% 39
\BOOKMARK [2][-]{subsection.2.3.1}{\376\377\000R\000\351\000s\000e\000a\000u\000x\000\040\000a\000n\000t\000a\000g\000o\000n\000i\000s\000t\000e\000s\000\040\000g\000\351\000n\000\351\000r\000a\000t\000i\000f\000s\000\040\000c\000o\000n\000d\000i\000t\000i\000o\000n\000n\000e\000l\000s}{section.2.3}% 40
\BOOKMARK [2][-]{subsection.2.3.2}{\376\377\000c\000G\000A\000N\000\040\000r\000\351\000s\000i\000d\000u\000e\000l\000\040\000p\000o\000u\000r\000\040\000l\000e\000\040\000d\000o\000w\000n\000s\000c\000a\000l\000i\000n\000g\000\040\000c\000l\000i\000m\000a\000t\000i\000q\000u\000e}{section.2.3}% 41
\BOOKMARK [2][-]{subsection.2.3.3}{\376\377\000L\000i\000m\000i\000t\000e\000s\000\040\000e\000m\000p\000i\000r\000i\000q\000u\000e\000s\000\040\000d\000e\000s\000\040\000c\000G\000A\000N\000\040\000a\000p\000p\000l\000i\000q\000u\000\351\000s\000\040\000a\000u\000\040\000d\000o\000w\000n\000s\000c\000a\000l\000i\000n\000g}{section.2.3}% 42
\BOOKMARK [1][-]{section.2.4}{\376\377\000A\000p\000p\000r\000o\000c\000h\000e\000s\000\040\000\340\000\040\000v\000r\000a\000i\000s\000e\000m\000b\000l\000a\000n\000c\000e\000\040\000e\000x\000p\000l\000i\000c\000i\000t\000e}{chapter.2}% 43
\BOOKMARK [1][-]{section.2.5}{\376\377\000M\000o\000d\000\350\000l\000e\000s\000\040\000d\000e\000\040\000d\000i\000f\000f\000u\000s\000i\000o\000n}{chapter.2}% 44
\BOOKMARK [2][-]{subsection.2.5.1}{\376\377\000D\000e\000n\000o\000i\000s\000i\000n\000g\000\040\000D\000i\000f\000f\000u\000s\000i\000o\000n\000\040\000P\000r\000o\000b\000a\000b\000i\000l\000i\000s\000t\000i\000c\000\040\000M\000o\000d\000e\000l\000s}{section.2.5}% 45
\BOOKMARK [2][-]{subsection.2.5.2}{\376\377\000F\000o\000r\000m\000a\000l\000i\000s\000m\000e\000\040\000E\000D\000M\000\040\000d\000e\000\040\000K\000a\000r\000r\000a\000s\000\040\000e\000t\000\040\000a\000l\000.}{section.2.5}% 46
\BOOKMARK [2][-]{subsection.2.5.3}{\376\377\000P\000r\000e\000m\000i\000\350\000r\000e\000s\000\040\000a\000p\000p\000l\000i\000c\000a\000t\000i\000o\000n\000s\000\040\000a\000u\000\040\000c\000l\000i\000m\000a\000t\000\040\000:\000\040\000S\000R\0003\000,\000\040\000R\000e\000s\000S\000h\000i\000f\000t\000,\000\040\000R\000e\000s\000D\000i\000f\000f}{section.2.5}% 47
\BOOKMARK [1][-]{section.2.6}{\376\377\000L\000e\000\040\000p\000a\000r\000a\000d\000i\000g\000m\000e\000\040\000\340\000\040\000d\000e\000u\000x\000\040\000\351\000t\000a\000g\000e\000s\000\040\000:\000\040\000C\000o\000r\000r\000D\000i\000f\000f}{chapter.2}% 48
\BOOKMARK [2][-]{subsection.2.6.1}{\376\377\000I\000d\000\351\000e\000\040\000f\000o\000n\000d\000a\000t\000r\000i\000c\000e}{section.2.6}% 49
\BOOKMARK [2][-]{subsection.2.6.2}{\376\377\000A\000r\000c\000h\000i\000t\000e\000c\000t\000u\000r\000e\000\040\000d\000\351\000t\000a\000i\000l\000l\000\351\000e}{section.2.6}% 50
\BOOKMARK [2][-]{subsection.2.6.3}{\376\377\000F\000o\000r\000c\000e\000s\000\040\000d\000u\000\040\000p\000a\000r\000a\000d\000i\000g\000m\000e\000\040\000\340\000\040\000d\000e\000u\000x\000\040\000\351\000t\000a\000g\000e\000s}{section.2.6}% 51
\BOOKMARK [2][-]{subsection.2.6.4}{\376\377\000L\000i\000m\000i\000t\000e\000s\000\040\000i\000d\000e\000n\000t\000i\000f\000i\000\351\000e\000s\000\040\000d\000e\000\040\000C\000o\000r\000r\000D\000i\000f\000f}{section.2.6}% 52
\BOOKMARK [2][-]{subsection.2.6.5}{\376\377\000L\000e\000\040\000p\000i\000\350\000g\000e\000\040\000d\000u\000\040\000c\000o\000n\000d\000i\000t\000i\000o\000n\000n\000e\000m\000e\000n\000t\000\040\000p\000a\000r\000\040\000c\000r\000o\000s\000s\000-\000a\000t\000t\000e\000n\000t\000i\000o\000n}{section.2.6}% 53
\BOOKMARK [2][-]{subsection.2.6.6}{\376\377\000P\000o\000u\000r\000q\000u\000o\000i\000\040\000C\000o\000r\000r\000D\000i\000f\000f\000\040\000p\000l\000u\000t\000\364\000t\000\040\000q\000u\000e\000\040\000S\000R\0003\000\040\000?}{section.2.6}% 54
\BOOKMARK [2][-]{subsection.2.6.7}{\376\377\000R\000e\000f\000o\000r\000m\000u\000l\000a\000t\000i\000o\000n\000\040\000d\000u\000\040\000p\000a\000r\000a\000d\000i\000g\000m\000e\000\040\000d\000e\000u\000x\000\040\000\351\000t\000a\000g\000e\000s\000\040\000d\000a\000n\000s\000\040\000l\000e\000\040\000l\000a\000n\000g\000a\000g\000e\000\040\000p\000r\000o\000b\000a\000b\000i\000l\000i\000s\000t\000e}{section.2.6}% 55
\BOOKMARK [1][-]{section.2.7}{\376\377\000F\000o\000n\000c\000t\000i\000o\000n\000s\000\040\000d\000e\000\040\000p\000e\000r\000t\000e\000\040\000e\000t\000\040\000c\000o\000n\000t\000r\000a\000i\000n\000t\000e\000s\000\040\000p\000h\000y\000s\000i\000q\000u\000e\000s}{chapter.2}% 56
\BOOKMARK [2][-]{subsection.2.7.1}{\376\377\000P\000e\000r\000t\000e\000s\000\040\000a\000d\000a\000p\000t\000\351\000e\000s\000\040\000\340\000\040\000l\000a\000\040\000p\000r\000\351\000c\000i\000p\000i\000t\000a\000t\000i\000o\000n}{section.2.7}% 57
\BOOKMARK [2][-]{subsection.2.7.2}{\376\377\000C\000o\000n\000t\000r\000a\000i\000n\000t\000e\000s\000\040\000p\000h\000y\000s\000i\000q\000u\000e\000s\000\040\000e\000t\000\040\000e\000x\000p\000l\000i\000c\000a\000b\000i\000l\000i\000t\000\351}{section.2.7}% 58
\BOOKMARK [1][-]{section.2.8}{\376\377\000C\000a\000d\000r\000e\000s\000\040\000d\000'\000\351\000v\000a\000l\000u\000a\000t\000i\000o\000n\000\040\000e\000t\000\040\000f\000o\000u\000n\000d\000a\000t\000i\000o\000n\000\040\000m\000o\000d\000e\000l\000s}{chapter.2}% 59
\BOOKMARK [2][-]{subsection.2.8.1}{\376\377\000B\000e\000n\000c\000h\000m\000a\000r\000k\000s\000\040\000s\000t\000a\000n\000d\000a\000r\000d\000i\000s\000\351\000s}{section.2.8}% 60
\BOOKMARK [2][-]{subsection.2.8.2}{\376\377\000F\000o\000u\000n\000d\000a\000t\000i\000o\000n\000\040\000m\000o\000d\000e\000l\000s\000\040\000c\000l\000i\000m\000a\000t}{section.2.8}% 61
\BOOKMARK [1][-]{section.2.9}{\376\377\000S\000y\000n\000t\000h\000\350\000s\000e\000,\000\040\000t\000a\000b\000l\000e\000a\000u\000\040\000c\000o\000m\000p\000a\000r\000a\000t\000i\000f\000\040\000e\000t\000\040\000g\000a\000p\000\040\000s\000c\000i\000e\000n\000t\000i\000f\000i\000q\000u\000e}{chapter.2}% 62
\BOOKMARK [2][-]{subsection.2.9.1}{\376\377\000T\000a\000b\000l\000e\000a\000u\000\040\000c\000o\000m\000p\000a\000r\000a\000t\000i\000f\000\040\000m\000o\000d\000\350\000l\000e\000\040\000\327\000\040\000v\000e\000r\000r\000o\000u}{section.2.9}% 63
\BOOKMARK [2][-]{subsection.2.9.2}{\376\377\000G\000a\000p\000\040\000s\000c\000i\000e\000n\000t\000i\000f\000i\000q\000u\000e}{section.2.9}% 64
\BOOKMARK [2][-]{subsection.2.9.3}{\376\377\000P\000o\000s\000i\000t\000i\000o\000n\000n\000e\000m\000e\000n\000t\000\040\000d\000'\000O\000r\000a\000c\000l\000e\000\040\000d\000a\000n\000s\000\040\000l\000e\000\040\000p\000a\000y\000s\000a\000g\000e}{section.2.9}% 65
\BOOKMARK [0][-]{chapter.3}{\376\377\000P\000r\000o\000p\000o\000s\000i\000t\000i\000o\000n\000\040\000:\000\040\000O\000r\000a\000c\000l\000e\000,\000\040\000a\000r\000c\000h\000i\000t\000e\000c\000t\000u\000r\000e\000\040\000c\000a\000u\000s\000a\000l\000e\000\040\000\340\000\040\000d\000e\000u\000x\000\040\000\351\000t\000a\000g\000e\000s}{}% 66
\BOOKMARK [1][-]{section.3.1}{\376\377\000I\000n\000t\000r\000o\000d\000u\000c\000t\000i\000o\000n}{chapter.3}% 67
\BOOKMARK [2][-]{subsection.3.1.1}{\376\377\000N\000o\000t\000a\000t\000i\000o\000n\000s\000\040\000e\000t\000\040\000o\000b\000j\000e\000c\000t\000i\000f\000s}{section.3.1}% 68
\BOOKMARK [1][-]{section.3.2}{\376\377\000V\000u\000e\000\040\000d\000'\000e\000n\000s\000e\000m\000b\000l\000e\000\040\000e\000t\000\040\000d\000i\000f\000f\000\351\000r\000e\000n\000c\000e\000\040\000a\000v\000e\000c\000\040\000C\000o\000r\000r\000D\000i\000f\000f}{chapter.3}% 69
\BOOKMARK [2][-]{subsection.3.2.1}{\376\377\000A\000r\000c\000h\000i\000t\000e\000c\000t\000u\000r\000e\000\040\000e\000n\000\040\000q\000u\000a\000t\000r\000e\000\040\000b\000l\000o\000c\000s\000\040\000f\000o\000n\000c\000t\000i\000o\000n\000n\000e\000l\000s}{section.3.2}% 70
\BOOKMARK [1][-]{section.3.3}{\376\377\000G\000r\000a\000p\000h\000e\000\040\000a\000t\000m\000o\000s\000p\000h\000\351\000r\000i\000q\000u\000e\000\040\000h\000\351\000t\000\351\000r\000o\000g\000\350\000n\000e}{chapter.3}% 71
\BOOKMARK [2][-]{subsection.3.3.1}{\376\377\000T\000y\000p\000e\000s\000\040\000d\000e\000\040\000n\001\123\000u\000d\000s\000\040\000e\000t\000\040\000h\000i\000\351\000r\000a\000r\000c\000h\000i\000e\000\040\000v\000e\000r\000t\000i\000c\000a\000l\000e}{section.3.3}% 72
\BOOKMARK [2][-]{subsection.3.3.2}{\376\377\000T\000y\000p\000e\000s\000\040\000d\000'\000a\000r\000\352\000t\000e\000s\000\040\000e\000t\000\040\000p\000h\000y\000s\000i\000q\000u\000e\000\040\000e\000n\000c\000o\000d\000\351\000e}{section.3.3}% 73
\BOOKMARK [2][-]{subsection.3.3.3}{\376\377\000D\000r\000i\000v\000e\000r\000s\000\040\000s\000t\000a\000t\000i\000q\000u\000e\000s\000\040\000e\000t\000\040\000a\000c\000h\000e\000m\000i\000n\000e\000m\000e\000n\000t\000\040\000c\000a\000u\000s\000a\000l}{section.3.3}% 74
\BOOKMARK [1][-]{section.3.4}{\376\377\000E\000n\000c\000o\000d\000e\000u\000r\000\040\000i\000n\000t\000e\000l\000l\000i\000g\000i\000b\000l\000e\000\040\000e\000t\000\040\000r\000\351\000s\000e\000a\000u\000\040\000c\000a\000u\000s\000a\000l\000\040\000r\000\351\000c\000u\000r\000r\000e\000n\000t}{chapter.3}% 75
\BOOKMARK [2][-]{subsection.3.4.1}{\376\377\000M\000o\000t\000i\000v\000a\000t\000i\000o\000n\000\040\000:\000\040\000p\000r\000\351\000s\000e\000r\000v\000e\000r\000\040\000l\000'\000i\000d\000e\000n\000t\000i\000t\000\351\000\040\000p\000h\000y\000s\000i\000q\000u\000e\000\040\000d\000e\000s\000\040\000v\000a\000r\000i\000a\000b\000l\000e\000s}{section.3.4}% 76
\BOOKMARK [2][-]{subsection.3.4.2}{\376\377\000A\000r\000c\000h\000i\000t\000e\000c\000t\000u\000r\000e\000\040\000p\000a\000r\000\040\000v\000a\000r\000i\000a\000b\000l\000e\000\040\000e\000t\000\040\000n\000o\000r\000m\000a\000l\000i\000s\000a\000t\000i\000o\000n}{section.3.4}% 77
\BOOKMARK [2][-]{subsection.3.4.3}{\376\377\000R\000\351\000s\000e\000a\000u\000\040\000c\000a\000u\000s\000a\000l\000\040\000r\000\351\000c\000u\000r\000r\000e\000n\000t\000\040\000:\000\040\000S\000C\000M\000\040\000d\000y\000n\000a\000m\000i\000q\000u\000e\000\040\000e\000t\000\040\000m\000i\000s\000e\000\040\000\340\000\040\000j\000o\000u\000r\000\040\000t\000e\000m\000p\000o\000r\000e\000l\000l\000e}{section.3.4}% 78
\BOOKMARK [2][-]{subsection.3.4.4}{\376\377\000\311\000q\000u\000a\000t\000i\000o\000n\000s\000\040\000S\000C\000M\000\040\000e\000t\000\040\000m\000i\000s\000e\000\040\000\340\000\040\000j\000o\000u\000r\000\040\000G\000R\000U}{section.3.4}% 79
\BOOKMARK [1][-]{section.3.5}{\376\377\000A\000p\000p\000r\000e\000n\000t\000i\000s\000s\000a\000g\000e\000\040\000d\000u\000\040\000D\000A\000G\000\040\000p\000a\000r\000\040\000c\000o\000n\000t\000r\000a\000i\000n\000t\000e\000\040\000D\000A\000G\000M\000A}{chapter.3}% 80
\BOOKMARK [2][-]{subsection.3.5.1}{\376\377\000C\000a\000r\000a\000c\000t\000\351\000r\000i\000s\000a\000t\000i\000o\000n\000\040\000d\000i\000f\000f\000\351\000r\000e\000n\000t\000i\000a\000b\000l\000e\000\040\000e\000t\000\040\000f\000o\000r\000m\000u\000l\000a\000t\000i\000o\000n\000\040\000D\000A\000G\000M\000A}{section.3.5}% 81
\BOOKMARK [1][-]{section.3.6}{\376\377\000D\000\351\000c\000o\000d\000e\000u\000r\000\040\000g\000r\000a\000p\000h\000e\000-\000\340\000-\000g\000r\000i\000l\000l\000e\000\040\000e\000t\000\040\000m\000o\000y\000e\000n\000n\000e\000\040\000h\000a\000u\000t\000e\000\040\000r\000\351\000s\000o\000l\000u\000t\000i\000o\000n}{chapter.3}% 82
\BOOKMARK [2][-]{subsection.3.6.1}{\376\377\000C\000r\000o\000s\000s\000-\000a\000t\000t\000e\000n\000t\000i\000o\000n\000\040\000\340\000\040\000r\000\351\000s\000o\000l\000u\000t\000i\000o\000n\000\040\000i\000n\000t\000e\000r\000m\000\351\000d\000i\000a\000i\000r\000e\000\040\000e\000t\000\040\000r\000a\000f\000f\000i\000n\000e\000m\000e\000n\000t}{section.3.6}% 83
\BOOKMARK [1][-]{section.3.7}{\376\377\000I\000n\000t\000e\000r\000f\000a\000c\000e\000\040\000i\000n\000t\000e\000r\000-\000\351\000t\000a\000g\000e\000s\000\040\000e\000t\000\040\000p\000r\000o\000p\000r\000i\000\351\000t\000\351\000\040\000\050\000O\0003\000\051}{chapter.3}% 84
\BOOKMARK [2][-]{subsection.3.7.1}{\376\377\000P\000r\000\351\000-\000c\000a\000l\000c\000u\000l\000,\000\040\000c\000a\000c\000h\000e\000\040\000e\000t\000\040\000r\000e\000c\000a\000l\000i\000b\000r\000a\000t\000i\000o\000n\000\040\000d\000e\000\040\000d\000a\000t\000a}{section.3.7}% 85
\BOOKMARK [2][-]{subsection.3.7.2}{\376\377\000D\000\351\000f\000i\000n\000i\000t\000i\000o\000n\000\040\000f\000o\000r\000m\000e\000l\000l\000e\000\040\000d\000e\000\040\000l\000a\000\040\000p\000r\000o\000p\000r\000i\000\351\000t\000\351\000\040\000\050\000O\0003\000\051}{section.3.7}% 86
\BOOKMARK [2][-]{subsection.3.7.3}{\376\377\000\311\000t\000a\000g\000e\000\040\0002\000\040\000:\000\040\000p\000a\000r\000a\000d\000i\000g\000m\000e\000\040\000E\000D\000M\000\040\000e\000t\000\040\000c\000o\000n\000d\000i\000t\000i\000o\000n\000n\000e\000m\000e\000n\000t\000\040\000p\000a\000r\000\040\000c\000o\000n\000c\000a\000t\000\351\000n\000a\000t\000i\000o\000n}{section.3.7}% 87
\BOOKMARK [1][-]{section.3.8}{\376\377\000P\000e\000r\000t\000e\000s\000\040\000c\000o\000m\000p\000o\000s\000i\000t\000e\000s\000\040\000e\000t\000\040\000e\000n\000t\000r\000a\000\356\000n\000e\000m\000e\000n\000t}{chapter.3}% 88
\BOOKMARK [2][-]{subsection.3.8.1}{\376\377\000P\000e\000r\000t\000e\000s\000\040\000e\000t\000\040\000p\000r\000o\000c\000\351\000d\000u\000r\000e\000\040\000d\000'\000e\000n\000t\000r\000a\000\356\000n\000e\000m\000e\000n\000t}{section.3.8}% 89
\BOOKMARK [1][-]{section.3.9}{\376\377\000S\000y\000n\000t\000h\000\350\000s\000e\000,\000\040\000t\000r\000a\000\347\000a\000b\000i\000l\000i\000t\000\351\000\040\000e\000t\000\040\000c\000h\000o\000i\000x\000\040\000n\000o\000n\000\040\000r\000e\000t\000e\000n\000u\000s}{chapter.3}% 90
\BOOKMARK [2][-]{subsection.3.9.1}{\376\377\000T\000r\000a\000\347\000a\000b\000i\000l\000i\000t\000\351\000\040\000d\000e\000s\000\040\000c\000o\000m\000p\000o\000s\000a\000n\000t\000s}{section.3.9}% 91
\BOOKMARK [0][-]{chapter.4}{\376\377\000M\000a\000t\000\351\000r\000i\000e\000l\000s\000,\000\040\000m\000\351\000t\000h\000o\000d\000e\000s\000,\000\040\000e\000x\000p\000\351\000r\000i\000m\000e\000n\000t\000a\000t\000i\000o\000n\000s\000\040\000e\000t\000\040\000d\000i\000s\000c\000u\000s\000s\000i\000o\000n}{}% 92
\BOOKMARK [1][-]{section.4.1}{\376\377\000I\000n\000t\000r\000o\000d\000u\000c\000t\000i\000o\000n}{chapter.4}% 93
\BOOKMARK [1][-]{section.4.2}{\376\377\000E\000n\000v\000i\000r\000o\000n\000n\000e\000m\000e\000n\000t\000\040\000e\000t\000\040\000d\000o\000n\000n\000\351\000e\000s}{chapter.4}% 94
\BOOKMARK [2][-]{subsection.4.2.1}{\376\377\000P\000i\000l\000e\000\040\000l\000o\000g\000i\000c\000i\000e\000l\000l\000e\000\040\000e\000t\000\040\000m\000a\000t\000\351\000r\000i\000e\000l}{section.4.2}% 95
\BOOKMARK [2][-]{subsection.4.2.2}{\376\377\000D\000o\000n\000n\000\351\000e\000s\000\040\000e\000t\000\040\000p\000r\000\351\000t\000r\000a\000i\000t\000e\000m\000e\000n\000t\000s}{section.4.2}% 96
\BOOKMARK [1][-]{section.4.3}{\376\377\000T\000o\000p\000o\000l\000o\000g\000i\000e\000\040\000e\000f\000f\000e\000c\000t\000i\000v\000e\000\040\000d\000'\000O\000r\000a\000c\000l\000e}{chapter.4}% 97
\BOOKMARK [2][-]{subsection.4.3.1}{\376\377\000P\000r\000e\000m\000i\000e\000r\000\040\000\351\000t\000a\000g\000e\000\040\000:\000\040\000e\000n\000c\000o\000d\000e\000u\000r\000,\000\040\000R\000C\000N\000,\000\040\000d\000\351\000c\000o\000d\000e\000u\000r}{section.4.3}% 98
\BOOKMARK [2][-]{subsection.4.3.2}{\376\377\000S\000e\000c\000o\000n\000d\000\040\000\351\000t\000a\000g\000e\000\040\000:\000\040\000U\000N\000e\000t\000\040\000E\000D\000M}{section.4.3}% 99
\BOOKMARK [1][-]{section.4.4}{\376\377\000T\000r\000a\000j\000e\000c\000t\000o\000i\000r\000e\000\040\000e\000t\000\040\000p\000r\000o\000c\000\351\000d\000u\000r\000e\000\040\000d\000'\000e\000n\000t\000r\000a\000\356\000n\000e\000m\000e\000n\000t}{chapter.4}% 100
\BOOKMARK [2][-]{subsection.4.4.1}{\376\377\000T\000r\000a\000j\000e\000c\000t\000o\000i\000r\000e\000\040\000d\000e\000s\000\040\000v\000e\000r\000s\000i\000o\000n\000s\000\040\000e\000t\000\040\000l\000e\000\347\000o\000n\000s\000\040\000r\000e\000t\000e\000n\000u\000e\000s}{section.4.4}% 101
\BOOKMARK [2][-]{subsection.4.4.2}{\376\377\000P\000r\000o\000c\000\351\000d\000u\000r\000e\000\040\000t\000w\000o\000-\000s\000t\000a\000g\000e\000\040\000e\000t\000\040\000s\000a\000m\000p\000l\000e\000r\000\040\000\340\000\040\000l\000'\000i\000n\000f\000\351\000r\000e\000n\000c\000e}{section.4.4}% 102
\BOOKMARK [1][-]{section.4.5}{\376\377\000P\000r\000o\000t\000o\000c\000o\000l\000e\000\040\000d\000'\000\351\000v\000a\000l\000u\000a\000t\000i\000o\000n}{chapter.4}% 103
\BOOKMARK [1][-]{section.4.6}{\376\377\000R\000\351\000s\000u\000l\000t\000a\000t\000s\000\040\000o\000b\000s\000e\000r\000v\000\351\000s}{chapter.4}% 104
\BOOKMARK [2][-]{subsection.4.6.1}{\376\377\000P\000e\000r\000f\000o\000r\000m\000a\000n\000c\000e\000\040\000e\000n\000\040\000d\000i\000s\000t\000r\000i\000b\000u\000t\000i\000o\000n}{section.4.6}% 105
\BOOKMARK [2][-]{subsection.4.6.2}{\376\377\000C\000a\000l\000i\000b\000r\000a\000t\000i\000o\000n\000\040\000p\000r\000o\000b\000a\000b\000i\000l\000i\000s\000t\000e}{section.4.6}% 106
\BOOKMARK [2][-]{subsection.4.6.3}{\376\377\000I\000n\000d\000i\000c\000e\000s\000\040\000c\000l\000i\000m\000a\000t\000i\000q\000u\000e\000s\000\040\000e\000t\000\040\000e\000x\000t\000r\000\352\000m\000e\000s}{section.4.6}% 107
\BOOKMARK [2][-]{subsection.4.6.4}{\376\377\000R\000o\000b\000u\000s\000t\000e\000s\000s\000e\000\040\000i\000n\000t\000e\000r\000-\000G\000C\000M\000\040\000e\000n\000\040\000r\000\351\000g\000i\000m\000e\000\040\000h\000i\000s\000t\000o\000r\000i\000q\000u\000e}{section.4.6}% 108
\BOOKMARK [2][-]{subsection.4.6.5}{\376\377\000D\000i\000a\000g\000n\000o\000s\000t\000i\000c\000s\000\040\000c\000a\000u\000s\000a\000u\000x}{section.4.6}% 109
\BOOKMARK [1][-]{section.4.7}{\376\377\000D\000i\000s\000c\000u\000s\000s\000i\000o\000n\000\040\000c\000r\000i\000t\000i\000q\000u\000e}{chapter.4}% 110
\BOOKMARK [1][-]{section.4.8}{\376\377\000P\000e\000r\000s\000p\000e\000c\000t\000i\000v\000e\000s\000\040\000d\000'\000a\000m\000\351\000l\000i\000o\000r\000a\000t\000i\000o\000n}{chapter.4}% 111
\BOOKMARK [1][-]{section.4.9}{\376\377\000S\000y\000n\000t\000h\000\350\000s\000e}{chapter.4}% 112
\BOOKMARK [0][-]{chapter*.41}{\376\377\000C\000o\000n\000c\000l\000u\000s\000i\000o\000n\000\040\000g\000\351\000n\000\351\000r\000a\000l\000e\000\040\000e\000t\000\040\000p\000e\000r\000s\000p\000e\000c\000t\000i\000v\000e\000s}{}% 113
